// Jest Snapshot v1, https://goo.gl/fbAQLP

exports[`Emoji should renders the Emoji component 1`] = `
<span
  aria-hidden="true"
  aria-label=""
  role="img"
>
  ðŸ¤©
</span>
`;
